[tr] windows: (24000, 20, 110)
[va] windows: (8000, 20, 110)
targets ready; event base rates: {'ball_ground_1s': 0.38, 'ball_impulse_1s': 0.963, 'opp_burn_1s': 0.425, 'opp_closer_1s': 0.502, 'opp_air_1s': 0.101, 'self_jump': 0.138, 'self_boostbtn': 0.219, 'opp_boostbtn': 0.222}

=== step5k ===
  [step5k] extracted in 15s
  [step5k] D masked ball  -> ball rel pos @s9          lin=0.556 knn=0.435 rff=0.586 mlp=0.617
  [step5k] D masked ball  -> ball rel vel @s9          lin=0.312 knn=0.228 rff=0.319 mlp=0.346
  [step5k] D masked ball CAT -> ball rel pos           lin=0.703 mlp=0.712
  [step5k] D masked opp   -> opp rel pos @s9           lin=0.6 knn=0.501 rff=0.634 mlp=0.658
  [step5k] D masked opp   -> opp rel vel @s9           lin=0.379 knn=0.284 rff=0.396 mlp=0.425
  [step5k] D masked opp CAT -> opp rel pos             lin=0.757 mlp=0.757
  [step5k] D masked self  -> own boost                 lin=0.656 mlp=0.706
  [step5k] D masked self CAT -> self loc vel           lin=0.709 mlp=0.701
  [step5k] P predictor(ball) s9 -> ball rel pos        lin=0.74 mlp=0.734
  [step5k] P predictor(ball) s5 -> ball rel pos@s5     lin=0.844
  [step5k] P predictor(ball) s1 -> ball rel pos@s1     lin=0.919
  [step5k] P predictor(opp) s9 -> opp rel pos          lin=0.761 mlp=0.761
  [step5k] P predictor(opp) s5 -> opp rel pos@s5       lin=0.838
  [step5k] P predictor(opp) s1 -> opp rel pos@s1       lin=0.904
  [step5k] P predictor(ball) s9 -> ball rel vel        lin=0.434
  [step5k] C TARGET ball s1 -> ball rel pos@s1         lin=0.97
  [step5k] C TARGET ball s5 -> ball rel pos@s5         lin=0.972
  [step5k] C TARGET opp s1  -> opp rel pos@s1          lin=0.97
  [step5k] C TARGET opp s5  -> opp rel pos@s5          lin=0.971
  [step5k] R car tokens -> ball rel pos (routing)      lin=0.757 knn=0.424 rff=0.769 mlp=0.808
  [step5k] I ball token -> ball rel pos                lin=0.982
  [step5k] I ball token -> ball rel vel                lin=0.983
  [step5k] I opp token  -> opp rel pos                 lin=0.977
  [step5k] I self token -> own boost                   lin=0.95
  [step5k] I env token  -> secs remaining              lin=0.986
  [step5k] I boost token -> 3 pad timers               lin=0.167
  [step5k] F s9 tokens -> ball rel pos +0.4s           lin=0.979 mlp=0.955
  [step5k] F s9 tokens -> ball rel pos +1s             lin=0.898 knn=0.504 rff=0.862 mlp=0.881
  [step5k] F s9 tokens -> ball rel pos +2s             lin=0.735 mlp=0.732
  [step5k] F s9 tokens -> ball loc vel +1s             lin=0.38 knn=0.241 rff=0.342 mlp=0.338
  [step5k] F s9 tokens -> opp rel pos +1s              lin=0.937 mlp=0.917
  [step5k] F s9 tokens -> own displacement +1s         lin=0.743 mlp=0.652
  [step5k] F pooled all -> ball rel pos +1s            lin=0.671
  [step5k] E s9 tokens -> ball grounded <=1s           lin=0.765 mlp=0.803
  [step5k] E s9 tokens -> ball impulse <=1s            lin=0.803 mlp=0.797
  [step5k] E s9 tokens -> opp burns boost <=1s         lin=0.74 mlp=0.755
  [step5k] E s9 tokens -> opp closer @+1s              lin=0.847 mlp=0.887
  [step5k] E s9 tokens -> opp airborne @+1s            lin=0.845 mlp=0.864
  [step5k] A s9 tokens -> SELF throttle+steer          lin=0.237 mlp=0.247
  [step5k] A s9 tokens -> SELF boost held              lin=0.773 mlp=0.779
  [step5k] A s9 tokens -> SELF jump held               lin=0.901 mlp=0.914
  [step5k] A s9 tokens -> OPP throttle+steer           lin=0.095 rff=0.063 mlp=0.095
  [step5k] A s9 tokens -> OPP boost held               lin=0.741 mlp=0.751
  geometry: {"ctx_all": {"erank": 51.1, "top1_share": 0.074, "cos": 0.276, "dead_dims": 0.0}, "tgt_all": {"erank": 42.5, "top1_share": 0.089, "cos": 0.32, "dead_dims": 0.0}, "tgt_s9cat": {"erank": 43.0, "top1_share": 0.13, "cos": 0.551, "dead_dims": 0.0}, "maskball_pool": {"erank": 50.2, "top1_share": 0.087, "cos": 0.255, "dead_dims": 0.0}, "predball_s9": {"erank": 25.5, "top1_share": 0.154, "cos": 0.674, "de

=== step8k ===
  [step8k] extracted in 14s
  [step8k] D masked ball  -> ball rel pos @s9          lin=0.552 knn=0.404 rff=0.58 mlp=0.633
  [step8k] D masked ball  -> ball rel vel @s9          lin=0.321 knn=0.215 rff=0.326 mlp=0.36
  [step8k] D masked ball CAT -> ball rel pos           lin=0.711 mlp=0.717
  [step8k] D masked opp   -> opp rel pos @s9           lin=0.598 knn=0.464 rff=0.631 mlp=0.673
  [step8k] D masked opp   -> opp rel vel @s9           lin=0.377 knn=0.266 rff=0.388 mlp=0.426
  [step8k] D masked opp CAT -> opp rel pos             lin=0.774 mlp=0.767
  [step8k] D masked self  -> own boost                 lin=0.71 mlp=0.738
  [step8k] D masked self CAT -> self loc vel           lin=0.707 mlp=0.702
  [step8k] P predictor(ball) s9 -> ball rel pos        lin=0.745 mlp=0.744
  [step8k] P predictor(ball) s5 -> ball rel pos@s5     lin=0.816
  [step8k] P predictor(ball) s1 -> ball rel pos@s1     lin=0.893
  [step8k] P predictor(opp) s9 -> opp rel pos          lin=0.767 mlp=0.771
  [step8k] P predictor(opp) s5 -> opp rel pos@s5       lin=0.837
  [step8k] P predictor(opp) s1 -> opp rel pos@s1       lin=0.882
  [step8k] P predictor(ball) s9 -> ball rel vel        lin=0.441
  [step8k] C TARGET ball s1 -> ball rel pos@s1         lin=0.926
  [step8k] C TARGET ball s5 -> ball rel pos@s5         lin=0.911
  [step8k] C TARGET opp s1  -> opp rel pos@s1          lin=0.925
  [step8k] C TARGET opp s5  -> opp rel pos@s5          lin=0.923
  [step8k] R car tokens -> ball rel pos (routing)      lin=0.686 knn=0.378 rff=0.71 mlp=0.784
  [step8k] I ball token -> ball rel pos                lin=0.953
  [step8k] I ball token -> ball rel vel                lin=0.943
  [step8k] I opp token  -> opp rel pos                 lin=0.936
  [step8k] I self token -> own boost                   lin=0.933
  [step8k] I env token  -> secs remaining              lin=0.91
  [step8k] I boost token -> 3 pad timers               lin=0.14
  [step8k] F s9 tokens -> ball rel pos +0.4s           lin=0.967 mlp=0.925
  [step8k] F s9 tokens -> ball rel pos +1s             lin=0.886 knn=0.438 rff=0.818 mlp=0.855
  [step8k] F s9 tokens -> ball rel pos +2s             lin=0.725 mlp=0.711
  [step8k] F s9 tokens -> ball loc vel +1s             lin=0.371 knn=0.218 rff=0.324 mlp=0.311
  [step8k] F s9 tokens -> opp rel pos +1s              lin=0.927 mlp=0.873
  [step8k] F s9 tokens -> own displacement +1s         lin=0.723 mlp=0.633
  [step8k] F pooled all -> ball rel pos +1s            lin=0.616
  [step8k] E s9 tokens -> ball grounded <=1s           lin=0.76 mlp=0.778
  [step8k] E s9 tokens -> ball impulse <=1s            lin=0.8 mlp=0.778
  [step8k] E s9 tokens -> opp burns boost <=1s         lin=0.739 mlp=0.748
  [step8k] E s9 tokens -> opp closer @+1s              lin=0.841 mlp=0.852
  [step8k] E s9 tokens -> opp airborne @+1s            lin=0.851 mlp=0.853
  [step8k] A s9 tokens -> SELF throttle+steer          lin=0.233 mlp=0.236
  [step8k] A s9 tokens -> SELF boost held              lin=0.769 mlp=0.776
  [step8k] A s9 tokens -> SELF jump held               lin=0.903 mlp=0.908
  [step8k] A s9 tokens -> OPP throttle+steer           lin=0.091 rff=0.039 mlp=0.07
  [step8k] A s9 tokens -> OPP boost held               lin=0.758 mlp=0.751
  geometry: {"ctx_all": {"erank": 68.1, "top1_share": 0.057, "cos": 0.236, "dead_dims": 0.0}, "tgt_all": {"erank": 66.3, "top1_share": 0.056, "cos": 0.24, "dead_dims": 0.0}, "tgt_s9cat": {"erank": 43.7, "top1_share": 0.118, "cos": 0.456, "dead_dims": 0.0}, "maskball_pool": {"erank": 71.3, "top1_share": 0.057, "cos": 0.213, "dead_dims": 0.0}, "predball_s9": {"erank": 30.8, "top1_share": 0.127, "cos": 0.543, "d

=== step10k ===
  [step10k] extracted in 15s
  [step10k] D masked ball  -> ball rel pos @s9          lin=0.53 knn=0.383 rff=0.56 mlp=0.626
  [step10k] D masked ball  -> ball rel vel @s9          lin=0.313 knn=0.209 rff=0.314 mlp=0.353
  [step10k] D masked ball CAT -> ball rel pos           lin=0.697 mlp=0.708
  [step10k] D masked opp   -> opp rel pos @s9           lin=0.588 knn=0.45 rff=0.614 mlp=0.668
  [step10k] D masked opp   -> opp rel vel @s9           lin=0.364 knn=0.257 rff=0.376 mlp=0.414
  [step10k] D masked opp CAT -> opp rel pos             lin=0.77 mlp=0.768
  [step10k] D masked self  -> own boost                 lin=0.746 mlp=0.764
  [step10k] D masked self CAT -> self loc vel           lin=0.699 mlp=0.7
  [step10k] P predictor(ball) s9 -> ball rel pos        lin=0.72 mlp=0.717
  [step10k] P predictor(ball) s5 -> ball rel pos@s5     lin=0.782
  [step10k] P predictor(ball) s1 -> ball rel pos@s1     lin=0.856
  [step10k] P predictor(opp) s9 -> opp rel pos          lin=0.753 mlp=0.758
  [step10k] P predictor(opp) s5 -> opp rel pos@s5       lin=0.818
  [step10k] P predictor(opp) s1 -> opp rel pos@s1       lin=0.865
  [step10k] P predictor(ball) s9 -> ball rel vel        lin=0.406
  [step10k] C TARGET ball s1 -> ball rel pos@s1         lin=0.902
  [step10k] C TARGET ball s5 -> ball rel pos@s5         lin=0.881
  [step10k] C TARGET opp s1  -> opp rel pos@s1          lin=0.912
  [step10k] C TARGET opp s5  -> opp rel pos@s5          lin=0.911
  [step10k] R car tokens -> ball rel pos (routing)      lin=0.651 knn=0.355 rff=0.682 mlp=0.767
  [step10k] I ball token -> ball rel pos                lin=0.926
  [step10k] I ball token -> ball rel vel                lin=0.908
  [step10k] I opp token  -> opp rel pos                 lin=0.928
  [step10k] I self token -> own boost                   lin=0.927
  [step10k] I env token  -> secs remaining              lin=0.871
  [step10k] I boost token -> 3 pad timers               lin=0.136
  [step10k] F s9 tokens -> ball rel pos +0.4s           lin=0.96 mlp=0.901
  [step10k] F s9 tokens -> ball rel pos +1s             lin=0.879 knn=0.411 rff=0.791 mlp=0.84
  [step10k] F s9 tokens -> ball rel pos +2s             lin=0.721 mlp=0.699
  [step10k] F s9 tokens -> ball loc vel +1s             lin=0.364 knn=0.216 rff=0.311 mlp=0.298
  [step10k] F s9 tokens -> opp rel pos +1s              lin=0.92 mlp=0.851
  [step10k] F s9 tokens -> own displacement +1s         lin=0.712 mlp=0.633
  [step10k] F pooled all -> ball rel pos +1s            lin=0.579
  [step10k] E s9 tokens -> ball grounded <=1s           lin=0.753 mlp=0.764
  [step10k] E s9 tokens -> ball impulse <=1s            lin=0.794 mlp=0.761
  [step10k] E s9 tokens -> opp burns boost <=1s         lin=0.736 mlp=0.741
  [step10k] E s9 tokens -> opp closer @+1s              lin=0.835 mlp=0.84
  [step10k] E s9 tokens -> opp airborne @+1s            lin=0.84 mlp=0.848
  [step10k] A s9 tokens -> SELF throttle+steer          lin=0.226 mlp=0.234
  [step10k] A s9 tokens -> SELF boost held              lin=0.771 mlp=0.779
  [step10k] A s9 tokens -> SELF jump held               lin=0.904 mlp=0.91
  [step10k] A s9 tokens -> OPP throttle+steer           lin=0.075 rff=0.029 mlp=0.041
  [step10k] A s9 tokens -> OPP boost held               lin=0.752 mlp=0.749
  geometry: {"ctx_all": {"erank": 71.1, "top1_share": 0.058, "cos": 0.239, "dead_dims": 0.0}, "tgt_all": {"erank": 70.8, "top1_share": 0.058, "cos": 0.237, "dead_dims": 0.0}, "tgt_s9cat": {"erank": 48.4, "top1_share": 0.118, "cos": 0.413, "dead_dims": 0.0}, "maskball_pool": {"erank": 76.6, "top1_share": 0.056, "cos": 0.207, "dead_dims": 0.0}, "predball_s9": {"erank": 33.6, "top1_share": 0.131, "cos": 0.486, "

=== step12k ===
  [step12k] extracted in 15s
  [step12k] D masked ball  -> ball rel pos @s9          lin=0.532 knn=0.379 rff=0.55 mlp=0.628
  [step12k] D masked ball  -> ball rel vel @s9          lin=0.314 knn=0.209 rff=0.313 mlp=0.354
  [step12k] D masked ball CAT -> ball rel pos           lin=0.7 mlp=0.714
  [step12k] D masked opp   -> opp rel pos @s9           lin=0.577 knn=0.446 rff=0.603 mlp=0.665
  [step12k] D masked opp   -> opp rel vel @s9           lin=0.358 knn=0.255 rff=0.369 mlp=0.413
  [step12k] D masked opp CAT -> opp rel pos             lin=0.776 mlp=0.776
  [step12k] D masked self  -> own boost                 lin=0.776 mlp=0.792
  [step12k] D masked self CAT -> self loc vel           lin=0.691 mlp=0.705
  [step12k] P predictor(ball) s9 -> ball rel pos        lin=0.708 mlp=0.706
  [step12k] P predictor(ball) s5 -> ball rel pos@s5     lin=0.767
  [step12k] P predictor(ball) s1 -> ball rel pos@s1     lin=0.825
  [step12k] P predictor(opp) s9 -> opp rel pos          lin=0.758 mlp=0.764
  [step12k] P predictor(opp) s5 -> opp rel pos@s5       lin=0.827
  [step12k] P predictor(opp) s1 -> opp rel pos@s1       lin=0.865
  [step12k] P predictor(ball) s9 -> ball rel vel        lin=0.377
  [step12k] C TARGET ball s1 -> ball rel pos@s1         lin=0.883
  [step12k] C TARGET ball s5 -> ball rel pos@s5         lin=0.873
  [step12k] C TARGET opp s1  -> opp rel pos@s1          lin=0.913
  [step12k] C TARGET opp s5  -> opp rel pos@s5          lin=0.919
  [step12k] R car tokens -> ball rel pos (routing)      lin=0.637 knn=0.347 rff=0.669 mlp=0.759
  [step12k] I ball token -> ball rel pos                lin=0.909
  [step12k] I ball token -> ball rel vel                lin=0.858
  [step12k] I opp token  -> opp rel pos                 lin=0.932
  [step12k] I self token -> own boost                   lin=0.934
  [step12k] I env token  -> secs remaining              lin=0.862
  [step12k] I boost token -> 3 pad timers               lin=0.137
  [step12k] F s9 tokens -> ball rel pos +0.4s           lin=0.952 mlp=0.894
  [step12k] F s9 tokens -> ball rel pos +1s             lin=0.871 knn=0.4 rff=0.771 mlp=0.833
  [step12k] F s9 tokens -> ball rel pos +2s             lin=0.712 mlp=0.694
  [step12k] F s9 tokens -> ball loc vel +1s             lin=0.355 knn=0.213 rff=0.3 mlp=0.297
  [step12k] F s9 tokens -> opp rel pos +1s              lin=0.919 mlp=0.864
  [step12k] F s9 tokens -> own displacement +1s         lin=0.704 mlp=0.636
  [step12k] F pooled all -> ball rel pos +1s            lin=0.557
  [step12k] E s9 tokens -> ball grounded <=1s           lin=0.745 mlp=0.757
  [step12k] E s9 tokens -> ball impulse <=1s            lin=0.781 mlp=0.76
  [step12k] E s9 tokens -> opp burns boost <=1s         lin=0.731 mlp=0.735
  [step12k] E s9 tokens -> opp closer @+1s              lin=0.83 mlp=0.834
  [step12k] E s9 tokens -> opp airborne @+1s            lin=0.831 mlp=0.845
  [step12k] A s9 tokens -> SELF throttle+steer          lin=0.221 mlp=0.236
  [step12k] A s9 tokens -> SELF boost held              lin=0.775 mlp=0.782
  [step12k] A s9 tokens -> SELF jump held               lin=0.905 mlp=0.911
  [step12k] A s9 tokens -> OPP throttle+steer           lin=0.067 rff=0.024 mlp=0.033
  [step12k] A s9 tokens -> OPP boost held               lin=0.742 mlp=0.739
  geometry: {"ctx_all": {"erank": 75.7, "top1_share": 0.051, "cos": 0.218, "dead_dims": 0.0}, "tgt_all": {"erank": 74.9, "top1_share": 0.052, "cos": 0.227, "dead_dims": 0.0}, "tgt_s9cat": {"erank": 55.6, "top1_share": 0.104, "cos": 0.377, "dead_dims": 0.0}, "maskball_pool": {"erank": 80.9, "top1_share": 0.049, "cos": 0.209, "dead_dims": 0.0}, "predball_s9": {"erank": 38.8, "top1_share": 0.117, "cos": 0.414, "

=== step15k ===
  [step15k] extracted in 14s
  [step15k] D masked ball  -> ball rel pos @s9          lin=0.535 knn=0.392 rff=0.552 mlp=0.632
  [step15k] D masked ball  -> ball rel vel @s9          lin=0.315 knn=0.212 rff=0.313 mlp=0.359
  [step15k] D masked ball CAT -> ball rel pos           lin=0.712 mlp=0.727
  [step15k] D masked opp   -> opp rel pos @s9           lin=0.574 knn=0.452 rff=0.601 mlp=0.668
  [step15k] D masked opp   -> opp rel vel @s9           lin=0.352 knn=0.259 rff=0.367 mlp=0.417
  [step15k] D masked opp CAT -> opp rel pos             lin=0.788 mlp=0.791
  [step15k] D masked self  -> own boost                 lin=0.801 mlp=0.815
  [step15k] D masked self CAT -> self loc vel           lin=0.686 mlp=0.709
  [step15k] P predictor(ball) s9 -> ball rel pos        lin=0.698 mlp=0.695
  [step15k] P predictor(ball) s5 -> ball rel pos@s5     lin=0.748
  [step15k] P predictor(ball) s1 -> ball rel pos@s1     lin=0.781
  [step15k] P predictor(opp) s9 -> opp rel pos          lin=0.771 mlp=0.773
  [step15k] P predictor(opp) s5 -> opp rel pos@s5       lin=0.845
  [step15k] P predictor(opp) s1 -> opp rel pos@s1       lin=0.868
  [step15k] P predictor(ball) s9 -> ball rel vel        lin=0.366
  [step15k] C TARGET ball s1 -> ball rel pos@s1         lin=0.839
  [step15k] C TARGET ball s5 -> ball rel pos@s5         lin=0.848
  [step15k] C TARGET opp s1  -> opp rel pos@s1          lin=0.907
  [step15k] C TARGET opp s5  -> opp rel pos@s5          lin=0.912
  [step15k] R car tokens -> ball rel pos (routing)      lin=0.626 knn=0.357 rff=0.661 mlp=0.758
  [step15k] I ball token -> ball rel pos                lin=0.894
  [step15k] I ball token -> ball rel vel                lin=0.813
  [step15k] I opp token  -> opp rel pos                 lin=0.918
  [step15k] I self token -> own boost                   lin=0.938
  [step15k] I env token  -> secs remaining              lin=0.836
  [step15k] I boost token -> 3 pad timers               lin=0.136
  [step15k] F s9 tokens -> ball rel pos +0.4s           lin=0.945 mlp=0.889
  [step15k] F s9 tokens -> ball rel pos +1s             lin=0.863 knn=0.407 rff=0.751 mlp=0.826
  [step15k] F s9 tokens -> ball rel pos +2s             lin=0.704 mlp=0.691
  [step15k] F s9 tokens -> ball loc vel +1s             lin=0.346 knn=0.214 rff=0.293 mlp=0.304
  [step15k] F s9 tokens -> opp rel pos +1s              lin=0.915 mlp=0.872
  [step15k] F s9 tokens -> own displacement +1s         lin=0.696 mlp=0.638
  [step15k] F pooled all -> ball rel pos +1s            lin=0.548
  [step15k] E s9 tokens -> ball grounded <=1s           lin=0.738 mlp=0.745
  [step15k] E s9 tokens -> ball impulse <=1s            lin=0.76 mlp=0.752
  [step15k] E s9 tokens -> opp burns boost <=1s         lin=0.731 mlp=0.733
  [step15k] E s9 tokens -> opp closer @+1s              lin=0.831 mlp=0.834
  [step15k] E s9 tokens -> opp airborne @+1s            lin=0.829 mlp=0.843
  [step15k] A s9 tokens -> SELF throttle+steer          lin=0.212 mlp=0.235
  [step15k] A s9 tokens -> SELF boost held              lin=0.779 mlp=0.787
  [step15k] A s9 tokens -> SELF jump held               lin=0.904 mlp=0.913
  [step15k] A s9 tokens -> OPP throttle+steer           lin=0.063 rff=0.022 mlp=0.028
  [step15k] A s9 tokens -> OPP boost held               lin=0.741 mlp=0.734
  geometry: {"ctx_all": {"erank": 78.4, "top1_share": 0.053, "cos": 0.206, "dead_dims": 0.0}, "tgt_all": {"erank": 78.5, "top1_share": 0.052, "cos": 0.206, "dead_dims": 0.0}, "tgt_s9cat": {"erank": 63.6, "top1_share": 0.092, "cos": 0.345, "dead_dims": 0.0}, "maskball_pool": {"erank": 83.2, "top1_share": 0.047, "cos": 0.216, "dead_dims": 0.0}, "predball_s9": {"erank": 43.8, "top1_share": 0.107, "cos": 0.382, "

=== step20k ===
  [step20k] extracted in 14s
  [step20k] D masked ball  -> ball rel pos @s9          lin=0.522 knn=0.32 rff=0.526 mlp=0.588
  [step20k] D masked ball  -> ball rel vel @s9          lin=0.273 knn=0.17 rff=0.275 mlp=0.315
  [step20k] D masked ball CAT -> ball rel pos           lin=0.64 mlp=0.636
  [step20k] D masked opp   -> opp rel pos @s9           lin=0.559 knn=0.403 rff=0.579 mlp=0.649
  [step20k] D masked opp   -> opp rel vel @s9           lin=0.346 knn=0.227 rff=0.358 mlp=0.411
  [step20k] D masked opp CAT -> opp rel pos             lin=0.776 mlp=0.773
  [step20k] D masked self  -> own boost                 lin=0.847 mlp=0.845
  [step20k] D masked self CAT -> self loc vel           lin=0.684 mlp=0.71
  [step20k] P predictor(ball) s9 -> ball rel pos        lin=0.599 mlp=0.587
  [step20k] P predictor(ball) s5 -> ball rel pos@s5     lin=0.568
  [step20k] P predictor(ball) s1 -> ball rel pos@s1     lin=0.585
  [step20k] P predictor(opp) s9 -> opp rel pos          lin=0.744 mlp=0.748
  [step20k] P predictor(opp) s5 -> opp rel pos@s5       lin=0.816
  [step20k] P predictor(opp) s1 -> opp rel pos@s1       lin=0.856
  [step20k] P predictor(ball) s9 -> ball rel vel        lin=0.295
  [step20k] C TARGET ball s1 -> ball rel pos@s1         lin=0.798
  [step20k] C TARGET ball s5 -> ball rel pos@s5         lin=0.788
  [step20k] C TARGET opp s1  -> opp rel pos@s1          lin=0.922
  [step20k] C TARGET opp s5  -> opp rel pos@s5          lin=0.902
  [step20k] R car tokens -> ball rel pos (routing)      lin=0.687 knn=0.357 rff=0.719 mlp=0.805
  [step20k] I ball token -> ball rel pos                lin=0.878
  [step20k] I ball token -> ball rel vel                lin=0.763
  [step20k] I opp token  -> opp rel pos                 lin=0.919
  [step20k] I self token -> own boost                   lin=0.961
  [step20k] I env token  -> secs remaining              lin=0.905
  [step20k] I boost token -> 3 pad timers               lin=0.147
  [step20k] F s9 tokens -> ball rel pos +0.4s           lin=0.963 mlp=0.869
  [step20k] F s9 tokens -> ball rel pos +1s             lin=0.88 knn=0.392 rff=0.748 mlp=0.814
  [step20k] F s9 tokens -> ball rel pos +2s             lin=0.718 mlp=0.684
  [step20k] F s9 tokens -> ball loc vel +1s             lin=0.359 knn=0.201 rff=0.292 mlp=0.3
  [step20k] F s9 tokens -> opp rel pos +1s              lin=0.92 mlp=0.872
  [step20k] F s9 tokens -> own displacement +1s         lin=0.714 mlp=0.644
  [step20k] F pooled all -> ball rel pos +1s            lin=0.623
  [step20k] E s9 tokens -> ball grounded <=1s           lin=0.726 mlp=0.732
  [step20k] E s9 tokens -> ball impulse <=1s            lin=0.761 mlp=0.74
  [step20k] E s9 tokens -> opp burns boost <=1s         lin=0.734 mlp=0.734
  [step20k] E s9 tokens -> opp closer @+1s              lin=0.809 mlp=0.817
  [step20k] E s9 tokens -> opp airborne @+1s            lin=0.828 mlp=0.838
  [step20k] A s9 tokens -> SELF throttle+steer          lin=0.218 mlp=0.237
  [step20k] A s9 tokens -> SELF boost held              lin=0.779 mlp=0.782
  [step20k] A s9 tokens -> SELF jump held               lin=0.902 mlp=0.914
  [step20k] A s9 tokens -> OPP throttle+steer           lin=0.057 rff=0.022 mlp=0.027
  [step20k] A s9 tokens -> OPP boost held               lin=0.742 mlp=0.737
  geometry: {"ctx_all": {"erank": 71.9, "top1_share": 0.063, "cos": 0.168, "dead_dims": 0.0}, "tgt_all": {"erank": 70.6, "top1_share": 0.063, "cos": 0.152, "dead_dims": 0.0}, "tgt_s9cat": {"erank": 60.4, "top1_share": 0.08, "cos": 0.34, "dead_dims": 0.0}, "maskball_pool": {"erank": 73.0, "top1_share": 0.06, "cos": 0.15, "dead_dims": 0.0}, "predball_s9": {"erank": 47.5, "top1_share": 0.085, "cos": 0.361, "dead

=== step25k ===
  [step25k] extracted in 14s
  [step25k] D masked ball  -> ball rel pos @s9          lin=0.506 knn=0.334 rff=0.517 mlp=0.583
  [step25k] D masked ball  -> ball rel vel @s9          lin=0.27 knn=0.176 rff=0.275 mlp=0.315
  [step25k] D masked ball CAT -> ball rel pos           lin=0.646 mlp=0.646
  [step25k] D masked opp   -> opp rel pos @s9           lin=0.55 knn=0.414 rff=0.576 mlp=0.646
  [step25k] D masked opp   -> opp rel vel @s9           lin=0.354 knn=0.236 rff=0.369 mlp=0.424
  [step25k] D masked opp CAT -> opp rel pos             lin=0.792 mlp=0.793
  [step25k] D masked self  -> own boost                 lin=0.856 mlp=0.852
  [step25k] D masked self CAT -> self loc vel           lin=0.695 mlp=0.728
  [step25k] P predictor(ball) s9 -> ball rel pos        lin=0.543 mlp=0.564
  [step25k] P predictor(ball) s5 -> ball rel pos@s5     lin=0.45
  [step25k] P predictor(ball) s1 -> ball rel pos@s1     lin=0.463
  [step25k] P predictor(opp) s9 -> opp rel pos          lin=0.756 mlp=0.763
  [step25k] P predictor(opp) s5 -> opp rel pos@s5       lin=0.809
  [step25k] P predictor(opp) s1 -> opp rel pos@s1       lin=0.844
  [step25k] P predictor(ball) s9 -> ball rel vel        lin=0.281
  [step25k] C TARGET ball s1 -> ball rel pos@s1         lin=0.652
  [step25k] C TARGET ball s5 -> ball rel pos@s5         lin=0.639
  [step25k] C TARGET opp s1  -> opp rel pos@s1          lin=0.873
  [step25k] C TARGET opp s5  -> opp rel pos@s5          lin=0.866
  [step25k] R car tokens -> ball rel pos (routing)      lin=0.656 knn=0.375 rff=0.687 mlp=0.774
  [step25k] I ball token -> ball rel pos                lin=0.806
  [step25k] I ball token -> ball rel vel                lin=0.676
  [step25k] I opp token  -> opp rel pos                 lin=0.889
  [step25k] I self token -> own boost                   lin=0.963
  [step25k] I env token  -> secs remaining              lin=0.913
  [step25k] I boost token -> 3 pad timers               lin=0.143
  [step25k] F s9 tokens -> ball rel pos +0.4s           lin=0.936 mlp=0.85
  [step25k] F s9 tokens -> ball rel pos +1s             lin=0.857 knn=0.407 rff=0.726 mlp=0.802
  [step25k] F s9 tokens -> ball rel pos +2s             lin=0.701 mlp=0.68
  [step25k] F s9 tokens -> ball loc vel +1s             lin=0.349 knn=0.196 rff=0.288 mlp=0.299
  [step25k] F s9 tokens -> opp rel pos +1s              lin=0.903 mlp=0.865
  [step25k] F s9 tokens -> own displacement +1s         lin=0.71 mlp=0.653
  [step25k] F pooled all -> ball rel pos +1s            lin=0.588
  [step25k] E s9 tokens -> ball grounded <=1s           lin=0.728 mlp=0.736
  [step25k] E s9 tokens -> ball impulse <=1s            lin=0.752 mlp=0.751
  [step25k] E s9 tokens -> opp burns boost <=1s         lin=0.733 mlp=0.731
  [step25k] E s9 tokens -> opp closer @+1s              lin=0.811 mlp=0.817
  [step25k] E s9 tokens -> opp airborne @+1s            lin=0.828 mlp=0.835
  [step25k] A s9 tokens -> SELF throttle+steer          lin=0.216 mlp=0.249
  [step25k] A s9 tokens -> SELF boost held              lin=0.781 mlp=0.79
  [step25k] A s9 tokens -> SELF jump held               lin=0.902 mlp=0.913
  [step25k] A s9 tokens -> OPP throttle+steer           lin=0.06 rff=0.029 mlp=0.038
  [step25k] A s9 tokens -> OPP boost held               lin=0.725 mlp=0.723
  geometry: {"ctx_all": {"erank": 77.4, "top1_share": 0.059, "cos": 0.18, "dead_dims": 0.0}, "tgt_all": {"erank": 78.1, "top1_share": 0.056, "cos": 0.185, "dead_dims": 0.0}, "tgt_s9cat": {"erank": 70.5, "top1_share": 0.077, "cos": 0.296, "dead_dims": 0.0}, "maskball_pool": {"erank": 78.2, "top1_share": 0.055, "cos": 0.175, "dead_dims": 0.0}, "predball_s9": {"erank": 52.3, "top1_share": 0.087, "cos": 0.291, "d

=== step30k ===
  [step30k] extracted in 15s
  [step30k] D masked ball  -> ball rel pos @s9          lin=0.462 knn=0.311 rff=0.473 mlp=0.549
  [step30k] D masked ball  -> ball rel vel @s9          lin=0.259 knn=0.167 rff=0.261 mlp=0.306
  [step30k] D masked ball CAT -> ball rel pos           lin=0.635 mlp=0.634
  [step30k] D masked opp   -> opp rel pos @s9           lin=0.535 knn=0.401 rff=0.56 mlp=0.638
  [step30k] D masked opp   -> opp rel vel @s9           lin=0.353 knn=0.233 rff=0.367 mlp=0.424
  [step30k] D masked opp CAT -> opp rel pos             lin=0.782 mlp=0.789
  [step30k] D masked self  -> own boost                 lin=0.866 mlp=0.863
  [step30k] D masked self CAT -> self loc vel           lin=0.71 mlp=0.736
  [step30k] P predictor(ball) s9 -> ball rel pos        lin=0.498 mlp=0.539
  [step30k] P predictor(ball) s5 -> ball rel pos@s5     lin=0.398
  [step30k] P predictor(ball) s1 -> ball rel pos@s1     lin=0.352
  [step30k] P predictor(opp) s9 -> opp rel pos          lin=0.745 mlp=0.764
  [step30k] P predictor(opp) s5 -> opp rel pos@s5       lin=0.777
  [step30k] P predictor(opp) s1 -> opp rel pos@s1       lin=0.825
  [step30k] P predictor(ball) s9 -> ball rel vel        lin=0.264
  [step30k] C TARGET ball s1 -> ball rel pos@s1         lin=0.542
  [step30k] C TARGET ball s5 -> ball rel pos@s5         lin=0.578
  [step30k] C TARGET opp s1  -> opp rel pos@s1          lin=0.847
  [step30k] C TARGET opp s5  -> opp rel pos@s5          lin=0.823
  [step30k] R car tokens -> ball rel pos (routing)      lin=0.565 knn=0.343 rff=0.612 mlp=0.707
  [step30k] I ball token -> ball rel pos                lin=0.736
  [step30k] I ball token -> ball rel vel                lin=0.544
  [step30k] I opp token  -> opp rel pos                 lin=0.883
  [step30k] I self token -> own boost                   lin=0.968
  [step30k] I env token  -> secs remaining              lin=0.761
  [step30k] I boost token -> 3 pad timers               lin=0.142
  [step30k] F s9 tokens -> ball rel pos +0.4s           lin=0.923 mlp=0.833
  [step30k] F s9 tokens -> ball rel pos +1s             lin=0.842 knn=0.384 rff=0.702 mlp=0.785
  [step30k] F s9 tokens -> ball rel pos +2s             lin=0.688 mlp=0.667
  [step30k] F s9 tokens -> ball loc vel +1s             lin=0.335 knn=0.183 rff=0.276 mlp=0.286
  [step30k] F s9 tokens -> opp rel pos +1s              lin=0.899 mlp=0.867
  [step30k] F s9 tokens -> own displacement +1s         lin=0.695 mlp=0.649
  [step30k] F pooled all -> ball rel pos +1s            lin=0.512
  [step30k] E s9 tokens -> ball grounded <=1s           lin=0.729 mlp=0.732
  [step30k] E s9 tokens -> ball impulse <=1s            lin=0.745 mlp=0.745
  [step30k] E s9 tokens -> opp burns boost <=1s         lin=0.731 mlp=0.731
  [step30k] E s9 tokens -> opp closer @+1s              lin=0.811 mlp=0.816
  [step30k] E s9 tokens -> opp airborne @+1s            lin=0.821 mlp=0.839
  [step30k] A s9 tokens -> SELF throttle+steer          lin=0.219 mlp=0.255
  [step30k] A s9 tokens -> SELF boost held              lin=0.775 mlp=0.788
  [step30k] A s9 tokens -> SELF jump held               lin=0.903 mlp=0.913
  [step30k] A s9 tokens -> OPP throttle+steer           lin=0.059 rff=0.032 mlp=0.049
  [step30k] A s9 tokens -> OPP boost held               lin=0.723 mlp=0.721
  geometry: {"ctx_all": {"erank": 74.3, "top1_share": 0.06, "cos": 0.142, "dead_dims": 0.0}, "tgt_all": {"erank": 75.8, "top1_share": 0.058, "cos": 0.14, "dead_dims": 0.0}, "tgt_s9cat": {"erank": 71.3, "top1_share": 0.089, "cos": 0.288, "dead_dims": 0.0}, "maskball_pool": {"erank": 75.4, "top1_share": 0.057, "cos": 0.185, "dead_dims": 0.0}, "predball_s9": {"erank": 49.6, "top1_share": 0.113, "cos": 0.267, "de

=== rand ===
  [rand] extracted in 15s
  [rand] D masked ball  -> ball rel pos @s9          lin=0.279 knn=0.118 rff=0.279 mlp=0.279
  [rand] D masked ball  -> ball rel vel @s9          lin=0.152 knn=0.035 rff=0.126 mlp=0.131
  [rand] D masked ball CAT -> ball rel pos           lin=0.509 mlp=0.572
  [rand] D masked opp   -> opp rel pos @s9           lin=0.386 knn=0.17 rff=0.348 mlp=0.351
  [rand] D masked opp   -> opp rel vel @s9           lin=0.221 knn=0.061 rff=0.173 mlp=0.174
  [rand] D masked opp CAT -> opp rel pos             lin=0.565 mlp=0.619
  [rand] D masked self  -> own boost                 lin=0.511 mlp=0.464
  [rand] D masked self CAT -> self loc vel           lin=0.567 mlp=0.679
  [rand] P predictor(ball) s9 -> ball rel pos        lin=0.223 mlp=0.271
  [rand] P predictor(ball) s5 -> ball rel pos@s5     lin=0.314
  [rand] P predictor(ball) s1 -> ball rel pos@s1     lin=0.469
  [rand] P predictor(opp) s9 -> opp rel pos          lin=0.324 mlp=0.347
  [rand] P predictor(opp) s5 -> opp rel pos@s5       lin=0.398
  [rand] P predictor(opp) s1 -> opp rel pos@s1       lin=0.522
  [rand] P predictor(ball) s9 -> ball rel vel        lin=0.113
  [rand] C TARGET ball s1 -> ball rel pos@s1         lin=1.0
  [rand] C TARGET ball s5 -> ball rel pos@s5         lin=1.0
  [rand] C TARGET opp s1  -> opp rel pos@s1          lin=0.995
  [rand] C TARGET opp s5  -> opp rel pos@s5          lin=0.995
  [rand] R car tokens -> ball rel pos (routing)      lin=0.538 knn=0.139 rff=0.426 mlp=0.446
  [rand] I ball token -> ball rel pos                lin=1.0
  [rand] I ball token -> ball rel vel                lin=1.0
  [rand] I opp token  -> opp rel pos                 lin=0.995
  [rand] I self token -> own boost                   lin=0.998
  [rand] I env token  -> secs remaining              lin=1.0
  [rand] I boost token -> 3 pad timers               lin=0.927
  [rand] F s9 tokens -> ball rel pos +0.4s           lin=0.986 mlp=0.976
  [rand] F s9 tokens -> ball rel pos +1s             lin=0.901 knn=0.502 rff=0.868 mlp=0.901
  [rand] F s9 tokens -> ball rel pos +2s             lin=0.73 mlp=0.748
  [rand] F s9 tokens -> ball loc vel +1s             lin=0.367 knn=0.248 rff=0.366 mlp=0.374
  [rand] F s9 tokens -> opp rel pos +1s              lin=0.945 mlp=0.939
  [rand] F s9 tokens -> own displacement +1s         lin=0.752 mlp=0.73
  [rand] F pooled all -> ball rel pos +1s            lin=0.469
  [rand] E s9 tokens -> ball grounded <=1s           lin=0.768 mlp=0.826
  [rand] E s9 tokens -> ball impulse <=1s            lin=0.808 mlp=0.833
  [rand] E s9 tokens -> opp burns boost <=1s         lin=0.715 mlp=0.748
  [rand] E s9 tokens -> opp closer @+1s              lin=0.811 mlp=0.909
  [rand] E s9 tokens -> opp airborne @+1s            lin=0.834 mlp=0.88
  [rand] A s9 tokens -> SELF throttle+steer          lin=0.222 mlp=0.261
  [rand] A s9 tokens -> SELF boost held              lin=0.75 mlp=0.768
  [rand] A s9 tokens -> SELF jump held               lin=0.897 mlp=0.918
  [rand] A s9 tokens -> OPP throttle+steer           lin=0.135 rff=0.138 mlp=0.179
  [rand] A s9 tokens -> OPP boost held               lin=0.701 mlp=0.725
  geometry: {"ctx_all": {"erank": 26.9, "top1_share": 0.133, "cos": 0.999, "dead_dims": 0.0}, "tgt_all": {"erank": 26.9, "top1_share": 0.133, "cos": 0.999, "dead_dims": 0.0}, "tgt_s9cat": {"erank": 39.4, "top1_share": 0.105, "cos": 0.995, "dead_dims": 0.0}, "maskball_pool": {"erank": 22.6, "top1_share": 0.159, "cos": 0.999, "dead_dims": 0.0}, "predball_s9": {"erank": 23.4, "top1_share": 0.162, "cos": 1.0, "de

=== raw control ===
  [raw] masked ball  -> ball rel pos @s9           lin=0.193 mlp=0.331
  [raw] masked ball  -> ball rel vel @s9           lin=0.102 mlp=0.176
  [raw] masked ball CAT -> ball rel pos            lin=0.193 mlp=0.331
  [raw] masked opp   -> opp rel pos @s9            lin=0.221 mlp=0.443
  [raw] masked opp   -> opp rel vel @s9            lin=0.121 mlp=0.263
  [raw] masked opp CAT -> opp rel pos              lin=0.221 mlp=0.443
  [raw] masked self  -> own boost                  lin=0.671 mlp=0.678
  [raw] masked self CAT -> self loc vel            lin=0.046 mlp=0.041
  [raw] predictor(ball) s9 -> ball rel pos         lin=0.193 mlp=0.331
  [raw] predictor(ball) s5 -> ball rel pos@s5      lin=0.25 mlp=None
  [raw] predictor(ball) s1 -> ball rel pos@s1      lin=0.273 mlp=None
  [raw] predictor(opp) s9 -> opp rel pos           lin=0.221 mlp=0.443
  [raw] predictor(opp) s5 -> opp rel pos@s5        lin=0.267 mlp=None
  [raw] predictor(opp) s1 -> opp rel pos@s1        lin=0.306 mlp=None
  [raw] predictor(ball) s9 -> ball rel vel         lin=0.102 mlp=None
  [raw] TARGET ball s1 -> ball rel pos@s1          lin=0.276 mlp=None
  [raw] TARGET ball s5 -> ball rel pos@s5          lin=0.268 mlp=None
  [raw] TARGET opp s1  -> opp rel pos@s1           lin=0.311 mlp=None
  [raw] TARGET opp s5  -> opp rel pos@s5           lin=0.28 mlp=None
  [raw] car tokens -> ball rel pos (routing)       lin=0.24 mlp=0.474
  [raw] ball token -> ball rel pos                 lin=0.24 mlp=None
  [raw] ball token -> ball rel vel                 lin=0.18 mlp=None
  [raw] opp token  -> opp rel pos                  lin=0.241 mlp=None
  [raw] self token -> own boost                    lin=1.0 mlp=None
  [raw] env token  -> secs remaining               lin=1.0 mlp=None
  [raw] boost token -> 3 pad timers                lin=1.0 mlp=None
  [raw] s9 tokens -> ball rel pos +0.4s            lin=0.223 mlp=0.471
  [raw] s9 tokens -> ball rel pos +1s              lin=0.202 mlp=0.462
  [raw] s9 tokens -> ball rel pos +2s              lin=0.176 mlp=0.432
  [raw] s9 tokens -> ball loc vel +1s              lin=0.092 mlp=0.168
  [raw] s9 tokens -> opp rel pos +1s               lin=0.21 mlp=0.56
  [raw] s9 tokens -> own displacement +1s          lin=0.294 mlp=0.382
  [raw] pooled all -> ball rel pos +1s             lin=0.202 mlp=None
  [raw] s9 tokens -> ball grounded <=1s            lin=0.855 mlp=0.849
  [raw] s9 tokens -> ball impulse <=1s             lin=0.781 mlp=0.882
  [raw] s9 tokens -> opp burns boost <=1s          lin=0.709 mlp=0.729
  [raw] s9 tokens -> opp closer @+1s               lin=0.701 mlp=0.798
  [raw] s9 tokens -> opp airborne @+1s             lin=0.896 mlp=0.916
  [raw] s9 tokens -> SELF throttle+steer           lin=0.145 mlp=0.146
  [raw] s9 tokens -> SELF boost held               lin=0.747 mlp=0.713
  [raw] s9 tokens -> SELF jump held                lin=0.903 mlp=0.906
  [raw] s9 tokens -> OPP throttle+steer            lin=0.146 mlp=0.142
  [raw] s9 tokens -> OPP boost held                lin=0.754 mlp=0.72

CKA(tgt_all):
  step5k          1.000 0.825 0.744 0.705 0.669 0.672 0.630 0.580 0.600
  step8k          0.825 1.000 0.943 0.872 0.794 0.750 0.682 0.605 0.500
  step10k         0.744 0.943 1.000 0.959 0.860 0.778 0.697 0.611 0.466
  step12k         0.705 0.872 0.959 1.000 0.937 0.820 0.732 0.640 0.453
  step15k         0.669 0.794 0.860 0.937 1.000 0.863 0.775 0.682 0.442
  step20k         0.672 0.750 0.778 0.820 0.863 1.000 0.902 0.781 0.458
  step25k         0.630 0.682 0.697 0.732 0.775 0.902 1.000 0.880 0.428
  step30k         0.580 0.605 0.611 0.640 0.682 0.781 0.880 1.000 0.393
  rand            0.600 0.500 0.466 0.453 0.442 0.458 0.428 0.393 1.000

done in 8.7 min -> C:\Users\charl\R-JEPA2\probing\suite_results
